// Jest Snapshot v1, https://goo.gl/fbAQLP

exports[`api middleware errors if data is not included and method is a creation type 1`] = `"Method: POST requires data. Data is currently: null"`;

exports[`api middleware errors if endpoint is not a string 1`] = `"Specify a string endpoint URL."`;

exports[`api middleware errors if method is not valid method 1`] = `"Invalid call api method: NOT_A_HTTP_METHOD"`;

exports[`api middleware errors if there are not three types 1`] = `"Expected an array of three action types."`;

exports[`api middleware errors if types are not strings 1`] = `"Expected action types to be strings."`;
