// Jest Snapshot v1, https://goo.gl/fbAQLP

exports[`TextValidator without context renders a TextField with value and other properties 1`] = `
<TextField
  error={false}
  helperText=""
  miscOptionsToBeAddedToTextField="hello world"
  onBlur={[Function]}
  onChange={[Function]}
  required={false}
  select={false}
  value="initial"
  variant="standard"
/>
`;
