// Jest Snapshot v1, https://goo.gl/fbAQLP

exports[`Todo on ListItemText click renders the DescriptionForm for editing 1`] = `
<DescriptionForm
  clearOnUpdate={false}
  description="what todo?"
  onUpdate={[Function]}
  textFieldProps={
    Object {
      "autoFocus": true,
    }
  }
/>
`;

exports[`Todo renders a checkbox and displays \`description\` label 1`] = `
<WithStyles(ListItem)
  divider={true}
>
  <React.Fragment>
    <WithStyles(Checkbox)
      checked={true}
      onChange={[Function]}
      tabIndex={1}
    />
    <WithStyles(ListItemText)
      onClick={[Function]}
    >
      <FindLinks
        handleLink={[Function]}
      >
        what todo?
      </FindLinks>
    </WithStyles(ListItemText)>
    <WithStyles(ListItemSecondaryAction)>
      <WithStyles(IconButton)
        aria-label="Delete"
        onClick={[Function]}
      >
        <pure(Delete) />
      </WithStyles(IconButton)>
    </WithStyles(ListItemSecondaryAction)>
  </React.Fragment>
</WithStyles(ListItem)>
`;
