// Jest Snapshot v1, https://goo.gl/fbAQLP

exports[`Login user submits login form with username and password filled if credentials are invalid changes snackbar message to error 1`] = `
Object {
  "message": "Username/password were not found!",
  "variant": "error",
}
`;

exports[`Login user submits login form with username and password filled if credentials are valid changes snackbar message to success 1`] = `
Object {
  "message": "Successfully logged in. Redirecting!",
  "variant": "success",
}
`;

exports[`Login user submits login form with username and password filled if credentials are valid redirects user to /todo 1`] = `
<Redirect
  push={false}
  to="/todo"
/>
`;
